
> temp-app@0.1.0 build
> next build

  ▲ Next.js 14.2.35

   Creating an optimized production build ...
 ✓ Compiled successfully
   Linting and checking validity of types ...

Failed to compile.

./app/page.tsx
14:75  Error: `'` can be escaped with `&apos;`, `&lsquo;`, `&#39;`, `&rsquo;`.  react/no-unescaped-entities

./components/Projects.tsx
2:24  Error: 'Github' is defined but never used.  @typescript-eslint/no-unused-vars

./components/ScrollyCanvas.tsx
101:8  Warning: React Hook useEffect has a missing dependency: 'scrollYProgress'. Either include it or remove the dependency array.  react-hooks/exhaustive-deps

info  - Need to disable some ESLint rules? Learn more here: https://nextjs.org/docs/basic-features/eslint#disabling-rules
